// Jest Snapshot v1, https://goo.gl/fbAQLP

exports[`InfoxicatorRoot module should render correct JSX 1`] = `
<Fragment>
  <HelmetWrapper
    defer={true}
    encodeSpecialCharacters={true}
    link={
      Array [
        Object {
          "href": "https://maxcdn.bootstrapcdn.com/bootstrap/4.4.1/css/bootstrap.min.css",
          "rel": "stylesheet",
        },
        Object {
          "href": "https://cdnjs.cloudflare.com/ajax/libs/prism/1.19.0/themes/prism-tomorrow.min.css",
          "rel": "stylesheet",
        },
        Object {
          "href": "https://cdnjs.cloudflare.com/ajax/libs/prism/1.19.0/plugins/line-numbers/prism-line-numbers.min.css",
          "rel": "stylesheet",
        },
        Object {
          "href": "https://www.infoxication.net/wp-content/uploads/2020/03/favicon.jpg",
          "rel": "icon",
          "sizes": "16x16",
          "type": "image/jpg",
        },
      ]
    }
    meta={
      Array [
        Object {
          "content": "width=device-width, initial-scale=1",
          "name": "viewport",
        },
      ]
    }
    title="Infoxicator | One App | Microfrontend | tutorial | React"
  />
  <ErrorBoundary>
    <Header />
    <Footer />
  </ErrorBoundary>
</Fragment>
`;
